// Jest Snapshot v1, https://goo.gl/fbAQLP

exports[`DropZone Should have this default template 1`] = `
<div
  className="questionnaire-element-drop-zone"
  style={Object {}}
>
  <div
    className="questionnaire-element-label"
  >
    Drop here !
  </div>
</div>
`;
