// Vitest Snapshot v1, https://vitest.dev/guide/snapshot.html

exports[`Tab > Should exists with the corresponding template 1`] = `
<div
  data-label="Fake label"
  data-value="fake value"
>
  <div>
    Fake Children
  </div>
</div>
`;
