// Jest Snapshot v1, https://goo.gl/fbAQLP

exports[`<App /> should have the right template 1`] = `
<div
  id="app"
>
  <div>
    Header
  </div>
  <div />
  <div />
</div>
`;
